<html>
<body>
<pre>
<h1>礦ision Build Log</h1>
<h2>Tool Versions:</h2>
IDE-Version: μVision V5.21.1.0
Copyright (C) 2016 ARM Ltd and ARM Germany GmbH. All rights reserved.
License Information: y Horne, w, LIC=KRMW3-AZ36W-MMP9I-T3C2Q-6UJX6-LD4QQ
 
Tool Versions:
Toolchain:       MDK-ARM Plus  Version: 5.21a
Toolchain Path:  D:\Keil5\ARM\ARMCC\Bin
C Compiler:      Armcc.exe V5.06 update 3 (build 300)
Assembler:       Armasm.exe V5.06 update 3 (build 300)
Linker/Locator:  ArmLink.exe V5.06 update 3 (build 300)
Library Manager: ArmAr.exe V5.06 update 3 (build 300)
Hex Converter:   FromElf.exe V5.06 update 3 (build 300)
CPU DLL:         SARMCM3.DLL V5.21a
Dialog DLL:      DARMSTM.DLL V1.66.0.1
Target DLL:      CMSIS_AGDI.dll V1.26.5.0
Dialog DLL:      TARMSTM.DLL V1.65.0.0
 
<h2>Project:</h2>
E:\求职宝典\项目\扫地机器人程序\小米扫地机程序\firmware\USER\FreeRTOS.uvprojx
Project File Date:  08/30/2023

<h2>Output:</h2>
*** Using Compiler 'V5.06 update 3 (build 300)', folder: 'D:\Keil5\ARM\ARMCC\Bin'
Build target 'MI'
compiling stm32f10x_it.c...
compiling delay.c...
compiling system_stm32f10x.c...
compiling timer.c...
compiling myiic.c...
compiling main.c...
compiling usart.c...
compiling EXTI.c...
compiling spi.c...
compiling adc.c...
compiling led.c...
compiling SystemTime.c...
compiling key.c...
compiling usart1.c...
compiling HardwareManage.c...
compiling TimeCapture.c...
compiling TimePwm.c...
compiling TaskManage.c...
compiling ApplicationADC.c...
compiling ApplicationMotor.c...
compiling stmflash.c...
compiling iooutput.c...
compiling BehaviorManage.c...
compiling sys.c...
compiling ApplicationDropCheck.c...
compiling ApplicationKey.c...
compiling ApplicationLed.c...
compiling bmi160_data.c...
compiling bmi160.c...
compiling mymath.c...
compiling Application_Ultrasonic.c...
compiling croutine.c...
compiling Garbage_boxes_check.c...
compiling heap_4.c...
compiling timers.c...
compiling list.c...
compiling queue.c...
compiling ApplicationPowerChip.c...
compiling tasks.c...
compiling protocol.c...
compiling event_groups.c...
compiling FrameHandle.c...
assembling startup_stm32f10x_hd.s...
compiling stm32f10x_exti.c...
compiling misc.c...
compiling stm32f10x_spi.c...
compiling stm32f10x_adc.c...
compiling stm32f10x_dma.c...
compiling stm32f10x_tim.c...
compiling stm32f10x_fsmc.c...
compiling port.c...
compiling stm32f10x_dbgmcu.c...
compiling usmart.c...
compiling stm32f10x_flash.c...
compiling stm32f10x_iwdg.c...
compiling stm32f10x_gpio.c...
compiling stm32f10x_usart.c...
compiling core_cm3.c...
compiling stm32f10x_rcc.c...
compiling testfun.c...
compiling usmart_config.c...
compiling DataScope_DP.C...
compiling usmart_str.c...
linking...
Program Size: Code=53926 RO-data=1642 RW-data=836 ZI-data=27468  
FromELF: creating hex file...
"..\OBJ\MI.axf" - 0 Error(s), 0 Warning(s).

<h2>Collection of Component include folders:</h2>
  E:\求职宝典\项目\扫地机器人程序\小米扫地机程序\firmware\USER\RTE

<h2>Collection of Component Files used:</h2>
Build Time Elapsed:  00:00:06
</pre>
</body>
</html>
