###############################################################################
#
# IAR ELF Linker V7.80.3.12102/W32 for ARM                17/Apr/2019  21:47:37
# Copyright 2007-2016 IAR Systems AB.
#
#    Output file  =  
#        C:\Users\zhang\Desktop\最终程序\Prj\IAR\DZ10_Release\Exe\vcan_Kinetis.out
#    Map file     =  
#        C:\Users\zhang\Desktop\最终程序\Prj\IAR\DZ10_Release\List\vcan_Kinetis.map
#    Command line =  
#        C:\Users\zhang\Desktop\最终程序\Prj\IAR\DZ10_Release\Obj\LQ_OLED.o
#        C:\Users\zhang\Desktop\最终程序\Prj\IAR\DZ10_Release\Obj\main.o
#        C:\Users\zhang\Desktop\最终程序\Prj\IAR\DZ10_Release\Obj\misc.o
#        C:\Users\zhang\Desktop\最终程序\Prj\IAR\DZ10_Release\Obj\MK60_adc.o
#        C:\Users\zhang\Desktop\最终程序\Prj\IAR\DZ10_Release\Obj\MK60_conf.o
#        C:\Users\zhang\Desktop\最终程序\Prj\IAR\DZ10_Release\Obj\MK60_dac.o
#        C:\Users\zhang\Desktop\最终程序\Prj\IAR\DZ10_Release\Obj\MK60_dma.o
#        C:\Users\zhang\Desktop\最终程序\Prj\IAR\DZ10_Release\Obj\MK60_DWT.o
#        C:\Users\zhang\Desktop\最终程序\Prj\IAR\DZ10_Release\Obj\MK60_flash.o
#        C:\Users\zhang\Desktop\最终程序\Prj\IAR\DZ10_Release\Obj\MK60_flexbus.o
#        C:\Users\zhang\Desktop\最终程序\Prj\IAR\DZ10_Release\Obj\MK60_ftm.o
#        C:\Users\zhang\Desktop\最终程序\Prj\IAR\DZ10_Release\Obj\MK60_gpio.o
#        C:\Users\zhang\Desktop\最终程序\Prj\IAR\DZ10_Release\Obj\MK60_i2c.o
#        C:\Users\zhang\Desktop\最终程序\Prj\IAR\DZ10_Release\Obj\MK60_it.o
#        C:\Users\zhang\Desktop\最终程序\Prj\IAR\DZ10_Release\Obj\MK60_lptmr.o
#        C:\Users\zhang\Desktop\最终程序\Prj\IAR\DZ10_Release\Obj\MK60_mcg.o
#        C:\Users\zhang\Desktop\最终程序\Prj\IAR\DZ10_Release\Obj\MK60_PIT.o
#        C:\Users\zhang\Desktop\最终程序\Prj\IAR\DZ10_Release\Obj\MK60_port.o
#        C:\Users\zhang\Desktop\最终程序\Prj\IAR\DZ10_Release\Obj\MK60_SysTick.o
#        C:\Users\zhang\Desktop\最终程序\Prj\IAR\DZ10_Release\Obj\MK60_uart.o
#        C:\Users\zhang\Desktop\最终程序\Prj\IAR\DZ10_Release\Obj\MK60_wdog.o
#        C:\Users\zhang\Desktop\最终程序\Prj\IAR\DZ10_Release\Obj\motor.o
#        C:\Users\zhang\Desktop\最终程序\Prj\IAR\DZ10_Release\Obj\sevro.o
#        C:\Users\zhang\Desktop\最终程序\Prj\IAR\DZ10_Release\Obj\startup_MK60DZ10.o
#        C:\Users\zhang\Desktop\最终程序\Prj\IAR\DZ10_Release\Obj\system_MK60DZ10.o
#        C:\Users\zhang\Desktop\最终程序\Prj\IAR\DZ10_Release\Obj\VCAN_ASCII.o
#        C:\Users\zhang\Desktop\最终程序\Prj\IAR\DZ10_Release\Obj\VCAN_camera.o
#        C:\Users\zhang\Desktop\最终程序\Prj\IAR\DZ10_Release\Obj\VCAN_computer.o
#        C:\Users\zhang\Desktop\最终程序\Prj\IAR\DZ10_Release\Obj\VCAN_OV7725_Eagle.o
#        C:\Users\zhang\Desktop\最终程序\Prj\IAR\DZ10_Release\Obj\VCAN_SCCB.o
#        C:\Users\zhang\Desktop\最终程序\Prj\IAR\DZ10_Release\Obj\vectors.o
#        --redirect _Printf=_PrintfLargeNoMb --redirect _Scanf=_ScanfLargeNoMb
#        -o
#        C:\Users\zhang\Desktop\最终程序\Prj\IAR\DZ10_Release\Exe\vcan_Kinetis.out
#        --map
#        C:\Users\zhang\Desktop\最终程序\Prj\IAR\DZ10_Release\List\vcan_Kinetis.map
#        --config "C:\Users\zhang\Desktop\最终程序\Prj\IAR\config
#        files\vcan_ROM_K60N512.icf"
#        C:\Users\zhang\Desktop\最终程序\Prj\IAR\..\..\Lib\CMSIS\iar_cortexM4l_math.a
#        --entry __iar_program_start --redirect __write=__write_buffered
#        --inline --vfe
#
###############################################################################

*******************************************************************************
*** RUNTIME MODEL ATTRIBUTES
***

CppFlavor       = *
__SystemLibrary = DLib


*******************************************************************************
*** PLACEMENT SUMMARY
***

"A0":  place at 0x00000000 { ro section .intvec };
"A1":  place at 0x00000410 { ro section .noinit };
"P1":  place in [from 0x00000000 to 0x00080000] { ro, block CodeRelocate };
"P2":  place in [from 0x1fff0410 to 0x20010000] {
          rw, block CodeRelocateRam, block CSTACK, block HEAP };
initialize manually with packing = copy, complex ranges { section .data };
initialize manually with packing = copy, complex ranges { section .textrw };

  Section              Kind        Address   Size  Object
  -------              ----        -------   ----  ------
"A0":                                       0x410
  .intvec              const    0x00000000  0x410  vectors.o [1]
                              - 0x00000410  0x410

"A1":                                         0x8
  .noinit              ro code  0x00000410    0x8  startup_MK60DZ10.o [1]
                              - 0x00000418    0x8

"P1":                                       0xb8a
  Veneer               ro code  0x00000418    0x8  - Linker created -
  .text                ro code  0x00000420  0x1c0  MK60_mcg.o [1]
  .text                ro code  0x000005e0  0x1b8  LQ_OLED.o [1]
  .text                ro code  0x00000798   0x80  MK60_gpio.o [1]
  .text                ro code  0x00000818   0x40  MK60_port.o [1]
  .text                ro code  0x00000858  0x158  MK60_uart.o [1]
  .text                ro code  0x000009b0  0x14c  MK60_ftm.o [1]
  .text                ro code  0x00000afc   0xbc  system_MK60DZ10.o [1]
  .text                ro code  0x00000bb8   0x2c  MK60_wdog.o [1]
  .text                ro code  0x00000be4   0x98  main.o [1]
  .text                ro code  0x00000c7c   0x76  ABImemcpy_unaligned.o [5]
  .text                ro code  0x00000cf4    0xc  misc.o [1]
  .text                ro code  0x00000d00    0x6  ABImemclr.o [5]
  .text                ro code  0x00000d06    0xe  sevro.o [1]
  .text                ro code  0x00000d14   0x38  motor.o [1]
  .text                ro code  0x00000d4c   0x5e  ABImemset.o [5]
  .text                ro code  0x00000dac   0x58  MK60_lptmr.o [1]
  .data_init                    0x00000e04   0x98  <Block>
    Initializer bytes  const    0x00000e04   0x98  <for .data-1>
  CodeRelocate                  0x00000e9c   0x48  <Block>
    Initializer bytes  const    0x00000e9c   0x48  <for CodeRelocateRam-1>
  .text                ro code  0x00000ee4   0x40  zero_init3.o [5]
  .text                ro code  0x00000f24   0x28  data_init.o [5]
  .iar.init_table      const    0x00000f4c   0x10  - Linker created -
  .text                ro code  0x00000f5c   0x1a  cmain.o [5]
  .text                ro code  0x00000f76    0x4  exit.o [3]
  .text                ro code  0x00000f7c    0xa  cexit.o [5]
  .text                ro code  0x00000f88    0xc  XXexit.o [5]
  .text                ro code  0x00000f94    0xc  cstartup_M.o [5]
  .text                ro code  0x00000fa0    0x2  MK60_conf.o [1]
  .rodata              const    0x00000fa2    0x0  zero_init3.o [5]
                              - 0x00000fa2  0xb8a

"P2", part 1 of 2:                           0xe0
  .data                         0x1fff0410   0x98  <Block>
    .data-1                     0x1fff0410   0x98  <Init block>
      .data            inited   0x1fff0410    0xc  MK60_ftm.o [1]
      .data            inited   0x1fff041c   0x14  MK60_gpio.o [1]
      .data            inited   0x1fff0430   0x44  MK60_mcg.o [1]
      .data            inited   0x1fff0474    0x4  MK60_mcg.o [1]
      .data            inited   0x1fff0478   0x14  MK60_port.o [1]
      .data            inited   0x1fff048c   0x18  MK60_uart.o [1]
      .data            inited   0x1fff04a4    0x4  main.o [1]
  CodeRelocateRam               0x1fff04a8   0x48  <Block>
    CodeRelocateRam-1           0x1fff04a8   0x48  <Init block>
      .textrw          inited   0x1fff04a8   0x48  MK60_mcg.o [1]
                              - 0x1fff04f0   0xe0

"P2", part 2 of 2:                            0xc
  .bss                          0x1fff04f0    0xc  <Block>
    .bss               zero     0x1fff04f0    0xc  system_MK60DZ10.o [1]
                              - 0x1fff04fc    0xc


*******************************************************************************
*** INIT TABLE
***

          Address     Size
          -------     ----
Zero (__iar_zero_init3)
    1 destination range, total size 0xc:
          0x1fff04f0   0xc



*******************************************************************************
*** MODULE SUMMARY
***

    Module                 ro code  rw code  ro data  rw data
    ------                 -------  -------  -------  -------
C:\Users\zhang\Desktop\最终程序\Prj\IAR\DZ10_Release\Obj: [1]
    LQ_OLED.o                  440
    MK60_conf.o                  2
    MK60_ftm.o                 332                12       12
    MK60_gpio.o                128                20       20
    MK60_lptmr.o                88
    MK60_mcg.o                 448       72      144       72
    MK60_port.o                 64                20       20
    MK60_uart.o                344                24       24
    MK60_wdog.o                 44
    main.o                     152                 4        4
    misc.o                      12
    motor.o                     56
    sevro.o                     14
    startup_MK60DZ10.o           8
    system_MK60DZ10.o          188                         12
    vectors.o                                  1 040
    ---------------------------------------------------------
    Total:                   2 320       72    1 264      164

command line: [2]
    ---------------------------------------------------------
    Total:

dl7M_tlf.a: [3]
    exit.o                       4
    ---------------------------------------------------------
    Total:                       4

m7M_tl.a: [4]
    ---------------------------------------------------------
    Total:

rt7M_tl.a: [5]
    ABImemclr.o                  6
    ABImemcpy_unaligned.o      118
    ABImemset.o                 94
    XXexit.o                    12
    cexit.o                     10
    cmain.o                     26
    cstartup_M.o                12
    data_init.o                 40
    zero_init3.o                64
    ---------------------------------------------------------
    Total:                     382

    Gaps                         8
    Linker created               8                16
-------------------------------------------------------------
    Grand Total:             2 722       72    1 280      164


*******************************************************************************
*** ENTRY LIST
***

Entry                      Address   Size  Type      Object
-----                      -------   ----  ----      ------
.bss$$Base              0x1fff04f0          --   Gb  - Linker created -
.bss$$Limit             0x1fff04fc          --   Gb  - Linker created -
.data$$Base             0x1fff0410          --   Gb  - Linker created -
.data$$Limit            0x1fff04a8          --   Gb  - Linker created -
.data_init$$Base        0x00000e04          --   Gb  - Linker created -
.data_init$$Limit       0x00000e9c          --   Gb  - Linker created -
.iar.init_table$$Base   0x00000f4c          --   Gb  - Linker created -
.iar.init_table$$Limit  0x00000f5c          --   Gb  - Linker created -
?main                   0x00000f5d         Code  Gb  cmain.o [5]
CodeRelocate$$Base      0x00000e9c          --   Gb  - Linker created -
CodeRelocate$$Limit     0x00000ee4          --   Gb  - Linker created -
CodeRelocateRam$$Base   0x1fff04a8          --   Gb  - Linker created -
CodeRelocateRam$$Limit  0x1fff04f0          --   Gb  - Linker created -
FTMN                    0x1fff0410    0xc  Data  Gb  MK60_ftm.o [1]
FTM_PWM_init            0x00000a5d   0x8a  Code  Gb  MK60_ftm.o [1]
FTM_port_mux            0x000009b1   0xac  Code  Lc  MK60_ftm.o [1]
GPIOX                   0x1fff041c   0x14  Data  Gb  MK60_gpio.o [1]
LCD_Fill                0x00000665   0x30  Code  Gb  LQ_OLED.o [1]
LCD_Init                0x00000695  0x104  Code  Gb  LQ_OLED.o [1]
LCD_WrCmd               0x00000625   0x40  Code  Gb  LQ_OLED.o [1]
LCD_WrDat               0x000005e1   0x44  Code  Gb  LQ_OLED.o [1]
PORTX                   0x1fff0478   0x14  Data  Gb  MK60_port.o [1]
Region$$Table$$Base     0x00000f4c          --   Gb  - Linker created -
Region$$Table$$Limit    0x00000f5c          --   Gb  - Linker created -
Reset_Handler           0x00000411         Code  Gb  startup_MK60DZ10.o [1]
UARTN                   0x1fff048c   0x18  Data  Gb  MK60_uart.o [1]
__BOOT_STACK_ADDRESS {Abs}
                        0x2000fff8         Data  Gb  command line/config [2]
__VECTOR_RAM {Abs}      0x1fff0000         Data  Gb  command line/config [2]
__VECTOR_TABLE {Abs}    0x00000000         Data  Gb  command line/config [2]
__aeabi_memclr          0x00000d01         Code  Gb  ABImemclr.o [5]
__cmain                 0x00000f5d         Code  Gb  cmain.o [5]
__code_start__ {Abs}    0x00000410         Data  Gb  command line/config [2]
__exit                  0x00000f89         Code  Gb  XXexit.o [5]
__iar_Memset_word       0x00000d4d         Code  Gb  ABImemset.o [5]
__iar_data_init3        0x00000f25   0x28  Code  Gb  data_init.o [5]
__iar_program_start     0x00000f95         Code  Gb  cstartup_M.o [5]
__iar_unaligned___aeabi_memcpy
                        0x00000c7d         Code  Gb  ABImemcpy_unaligned.o [5]
__iar_unaligned___aeabi_memcpy4
                        0x00000c9d         Code  Gb  ABImemcpy_unaligned.o [5]
__iar_unaligned___aeabi_memcpy8
                        0x00000c9d         Code  Gb  ABImemcpy_unaligned.o [5]
__iar_zero_init3        0x00000ee5   0x40  Code  Gb  zero_init3.o [5]
__vector_table          0x00000000  0x410  Data  Gb  vectors.o [1]
_call_main              0x00000f69         Code  Gb  cmain.o [5]
_exit                   0x00000f7d         Code  Gb  cexit.o [5]
_main                   0x00000f73         Code  Gb  cmain.o [5]
b                       0x1fff04a4    0x1  Data  Gb  main.o [1]
bus_clk_khz             0x1fff04f8    0x4  Data  Gb  system_MK60DZ10.o [1]
common_startup          0x00000b45   0x44  Code  Gb  system_MK60DZ10.o [1]
core_clk_khz            0x1fff04f0    0x4  Data  Gb  system_MK60DZ10.o [1]
core_clk_mhz            0x1fff04f4    0x4  Data  Gb  system_MK60DZ10.o [1]
default_isr             0x00000fa1    0x2  Code  Gb  MK60_conf.o [1]
exit                    0x00000f77    0x4  Code  Gb  exit.o [3]
gpio_get                0x000007fd   0x16  Code  Gb  MK60_gpio.o [1]
gpio_init               0x00000799   0x42  Code  Gb  MK60_gpio.o [1]
gpio_set                0x000007db   0x22  Code  Gb  MK60_gpio.o [1]
lptmr_pulse_init        0x00000dad   0x50  Code  Gb  MK60_lptmr.o [1]
main                    0x00000be5   0x98  Code  Gb  main.o [1]
mcg_cfg                 0x1fff0430   0x44  Data  Gb  MK60_mcg.o [1]
mcg_div                 0x1fff0474    0x4  Data  Gb  MK60_mcg.o [1]
mcg_div_count           0x00000421  0x13a  Code  Gb  MK60_mcg.o [1]
motor_Init              0x00000d15   0x38  Code  Gb  motor.o [1]
pll_init                0x0000055b   0x7a  Code  Gb  MK60_mcg.o [1]
port_init               0x00000819   0x2e  Code  Gb  MK60_port.o [1]
servo_Init              0x00000d07    0xe  Code  Gb  sevro.o [1]
set_sys_dividers        0x1fff04a9   0x48  Code  Gb  MK60_mcg.o [1]
start                   0x00000afd   0x14  Code  Gb  system_MK60DZ10.o [1]
sysinit                 0x00000b11   0x34  Code  Gb  system_MK60DZ10.o [1]
t                       0x1fff04a6    0x2  Data  Gb  main.o [1]
uart_init               0x00000859  0x148  Code  Gb  MK60_uart.o [1]
wdog_disable            0x00000bb9   0x26  Code  Gb  MK60_wdog.o [1]
write_vtor              0x00000cf5    0x6  Code  Gb  misc.o [1]


[1] = C:\Users\zhang\Desktop\最终程序\Prj\IAR\DZ10_Release\Obj
[2] = command line
[3] = dl7M_tlf.a
[4] = m7M_tl.a
[5] = rt7M_tl.a

  2 722 bytes of readonly  code memory
     72 bytes of readwrite code memory
  1 280 bytes of readonly  data memory
    164 bytes of readwrite data memory

Errors: none
Warnings: none
